Starting a Gradle Daemon, 1 busy Daemon could not be reused, use --status for details
Reusing configuration cache.
> Task :app:preBuild UP-TO-DATE
> Task :app:preDebugUnitTestBuild UP-TO-DATE
> Task :app:preDebugBuild UP-TO-DATE
> Task :app:generateDebugBuildConfig UP-TO-DATE
> Task :app:generateDebugResources UP-TO-DATE
> Task :app:processDebugGoogleServices UP-TO-DATE
> Task :app:kspDebugKotlin SKIPPED
> Task :app:javaPreCompileDebug UP-TO-DATE
> Task :app:mapDebugSourceSetPaths UP-TO-DATE
> Task :app:packageDebugResources UP-TO-DATE
> Task :app:createDebugCompatibleScreenManifests UP-TO-DATE
> Task :app:extractDeepLinksDebug UP-TO-DATE
> Task :app:checkDebugAarMetadata UP-TO-DATE
> Task :app:processDebugNavigationResources UP-TO-DATE
> Task :app:mergeDebugResources UP-TO-DATE
> Task :app:compileDebugNavigationResources UP-TO-DATE
> Task :app:parseDebugLocalResources UP-TO-DATE
> Task :app:generateDebugRFile UP-TO-DATE
> Task :app:processDebugMainManifest UP-TO-DATE
> Task :app:processDebugManifest UP-TO-DATE
> Task :app:processDebugManifestForPackage UP-TO-DATE
> Task :app:processDebugResources UP-TO-DATE

> Task :app:compileDebugKotlin FAILED
e: file:///app/applet/app/src/main/java/com/aistudio/pinkproxy/fresh/CandidateEngine.kt:43:22 Unresolved reference 'rankCandidatesBayesian'.
e: file:///app/applet/app/src/main/java/com/aistudio/pinkproxy/fresh/CandidateEngine.kt:123:99 Unresolved reference 'failureCount'.
e: file:///app/applet/app/src/main/java/com/aistudio/pinkproxy/fresh/CandidateEngine.kt:206:2 Syntax error: Expecting '}'.
e: file:///app/applet/app/src/main/java/com/aistudio/pinkproxy/fresh/DpiStrategySelector.kt:128:38 Unresolved reference 'rankCandidatesBayesian'.
e: file:///app/applet/app/src/main/java/com/aistudio/pinkproxy/fresh/DpiStrategySelector.kt:142:38 Unresolved reference 'rankCandidatesBayesian'.
e: file:///app/applet/app/src/main/java/com/aistudio/pinkproxy/fresh/RuntimeCoordinator.kt:97:45 Unresolved reference 'selectBest'.
e: file:///app/applet/app/src/main/java/com/aistudio/pinkproxy/fresh/RuntimeCoordinator.kt:98:20 Argument type mismatch: actual type is 'R? (of fun <T, R> T.let)', but 'K? (of fun <K> ELVIS_CALL)' was expected.
e: file:///app/applet/app/src/main/java/com/aistudio/pinkproxy/fresh/RuntimeCoordinator.kt:98:35 Cannot infer type for this parameter. Specify it explicitly.
e: file:///app/applet/app/src/main/java/com/aistudio/pinkproxy/fresh/RuntimeCoordinator.kt:98:39 Cannot infer type for this parameter. Specify it explicitly.
e: file:///app/applet/app/src/main/java/com/aistudio/pinkproxy/fresh/RuntimeCoordinator.kt:99:16 Argument type mismatch: actual type is 'BypassStrategy', but 'K (of fun <K> ELVIS_CALL)' was expected.
e: file:///app/applet/app/src/main/java/com/aistudio/pinkproxy/fresh/RuntimeCoordinator.kt:105:49 Unresolved reference 'name'.
e: file:///app/applet/app/src/main/java/com/aistudio/pinkproxy/fresh/RuntimeCoordinator.kt:106:96 Unresolved reference 'name'.
e: file:///app/applet/app/src/main/java/com/aistudio/pinkproxy/fresh/RuntimeCoordinator.kt:109:101 Unresolved reference 'name'.
e: file:///app/applet/app/src/main/java/com/aistudio/pinkproxy/fresh/StrategyPolicyGate.kt:168:45 Unresolved reference 'selectBest'.
e: file:///app/applet/app/src/main/java/com/aistudio/pinkproxy/fresh/StrategyPolicyGate.kt:169:48 Argument type mismatch: actual type is 'Any', but 'BypassStrategy' was expected.
e: file:///app/applet/app/src/main/java/com/aistudio/pinkproxy/fresh/StrategyPolicyGate.kt:170:20 Return type mismatch: expected 'BypassStrategy', actual 'Any'.

FAILURE: Build failed with an exception.

* What went wrong:
Execution failed for task ':app:compileDebugKotlin'.
> A failure occurred while executing org.jetbrains.kotlin.compilerRunner.GradleCompilerRunnerWithWorkers$GradleKotlinCompilerWorkAction
   > Compilation error. See log for more details

* Try:
> Run with --stacktrace option to get the stack trace.
> Run with --info or --debug option to get more log output.
> Run with --scan to get full insights from a Build Scan (powered by Develocity).
> Get more help at https://help.gradle.org.

BUILD FAILED in 36s
19 actionable tasks: 1 executed, 18 up-to-date
Configuration cache entry reused.
